// Jest Snapshot v1, https://goo.gl/fbAQLP

exports[`NotFoundState renders as expected 1`] = `
<Flex
  alignItems="center"
  background="var(--chakra-colors-light-background)"
  flexDirection="column"
  justifyContent="center"
  minHeight="250px"
  mt="100px"
  p={4}
  width="100%"
>
  <Text
    textAlign="center"
    variant="body-bold"
  >
    <InfoOutlineIcon
      mr={2}
    />
    This page could not be found. The URL entered did not match any pages on this site.
  </Text>
  <Text
    mt={2}
    variant="body"
  >
    Adjust the URL entered or return to the homepage.
  </Text>
  <Link
    _hover={
      {
        "transform": "scale(1.1)",
        "transition": "transform 250ms ease-in",
      }
    }
    as={
      {
        "$$typeof": Symbol(react.forward_ref),
        "default": [Circular],
        "render": [Function],
      }
    }
    href="/"
    mt={2}
    transition="transform 250ms ease-out"
  >
    <Button
      variant="primary"
    >
      Home
    </Button>
  </Link>
</Flex>
`;
