// Jest Snapshot v1, https://goo.gl/fbAQLP

exports[`Header renders as expected  1`] = `
<Flex
  alignItems="center"
  background="var(--chakra-colors-light-emphasis)"
  borderBottom="1px solid var(--chakra-colors-light-text)"
  position="fixed"
  px={4}
  py={2}
  width="100%"
  zIndex={1000}
>
  <Container
    maxWidth="1320px"
    width="100%"
  >
    <Flex
      alignItems="center"
    >
      <Logo />
      <Link
        _hover={
          {
            "transform": "scale(1.1)",
            "transition": "transform 250ms ease-in",
          }
        }
        as={
          {
            "$$typeof": Symbol(react.forward_ref),
            "default": [Circular],
            "render": [Function],
          }
        }
        href="/"
        ml={6}
        transition="transform 250ms ease-out"
      >
        <Text
          variant="body-large"
        >
          Home
        </Text>
      </Link>
    </Flex>
  </Container>
</Flex>
`;
